// Jest Snapshot v1, https://goo.gl/fbAQLP

exports[`FacebookStyle renders correctly 1`] = `
<svg
  aria-labelledby="FacebookStyle-aria"
  id={null}
  role="img"
  style={Object {}}
  viewBox="0 0 476 124"
>
  <title
    id="FacebookStyle-aria"
  >
    Loading...
  </title>
  <rect
    clipPath="url(#FacebookStyle-diff)"
    height="100%"
    role="presentation"
    style={
      Object {
        "fill": "url(#FacebookStyle-animated-diff)",
      }
    }
    width="100%"
    x="0"
    y="0"
  />
  <defs
    role="presentation"
  >
    <clipPath
      id="FacebookStyle-diff"
    >
      <rect
        height="6"
        rx="3"
        width="88"
        x="48"
        y="8"
      />
      <rect
        height="6"
        rx="3"
        width="52"
        x="48"
        y="26"
      />
      <rect
        height="6"
        rx="3"
        width="410"
        x="0"
        y="56"
      />
      <rect
        height="6"
        rx="3"
        width="380"
        x="0"
        y="72"
      />
      <rect
        height="6"
        rx="3"
        width="178"
        x="0"
        y="88"
      />
      <circle
        cx="20"
        cy="20"
        r="20"
      />
    </clipPath>
    <linearGradient
      id="FacebookStyle-animated-diff"
    >
      <stop
        offset="0%"
        stopColor="#f5f6f7"
        stopOpacity={1}
      >
        <animate
          attributeName="offset"
          dur="20s"
          keyTimes="0; 0.25; 1"
          repeatCount="indefinite"
          values="-2; -2; 1"
        />
      </stop>
      <stop
        offset="50%"
        stopColor="#eee"
        stopOpacity={1}
      >
        <animate
          attributeName="offset"
          dur="20s"
          keyTimes="0; 0.25; 1"
          repeatCount="indefinite"
          values="-1; -1; 2"
        />
      </stop>
      <stop
        offset="100%"
        stopColor="#f5f6f7"
        stopOpacity={1}
      >
        <animate
          attributeName="offset"
          dur="20s"
          keyTimes="0; 0.25; 1"
          repeatCount="indefinite"
          values="0; 0; 3"
        />
      </stop>
    </linearGradient>
  </defs>
</svg>
`;
