// Jest Snapshot v1, https://goo.gl/fbAQLP

exports[`CodeStyle renders correctly 1`] = `
<svg
  aria-label="Loading interface..."
  preserveAspectRatio="none"
  role="img"
  style={Object {}}
  viewBox="0 0 400 130"
>
  <title>
    Loading interface...
  </title>
  <rect
    clipPath="url(#CodeStyle-idClip)"
    height={130}
    style={
      Object {
        "fill": "url(#CodeStyle-idGradient)",
      }
    }
    width={400}
    x="0"
    y="0"
  />
  <defs>
    <clipPath
      id="CodeStyle-idClip"
    >
      <rect
        height="10"
        rx="3"
        ry="3"
        width="70"
        x="0"
        y="0"
      />
      <rect
        height="10"
        rx="3"
        ry="3"
        width="100"
        x="80"
        y="0"
      />
      <rect
        height="10"
        rx="3"
        ry="3"
        width="10"
        x="190"
        y="0"
      />
      <rect
        height="10"
        rx="3"
        ry="3"
        width="130"
        x="15"
        y="20"
      />
      <rect
        height="10"
        rx="3"
        ry="3"
        width="130"
        x="155"
        y="20"
      />
      <rect
        height="10"
        rx="3"
        ry="3"
        width="90"
        x="15"
        y="40"
      />
      <rect
        height="10"
        rx="3"
        ry="3"
        width="60"
        x="115"
        y="40"
      />
      <rect
        height="10"
        rx="3"
        ry="3"
        width="60"
        x="185"
        y="40"
      />
      <rect
        height="10"
        rx="3"
        ry="3"
        width="30"
        x="0"
        y="60"
      />
    </clipPath>
    <linearGradient
      id="CodeStyle-idGradient"
    >
      <stop
        offset="0%"
        stopColor="#f0f0f0"
        stopOpacity={1}
      >
        <animate
          attributeName="offset"
          dur="20s"
          keyTimes="0; 0.25; 1"
          repeatCount="indefinite"
          values="-2; -2; 1"
        />
      </stop>
      <stop
        offset="50%"
        stopColor="#e0e0e0"
        stopOpacity={1}
      >
        <animate
          attributeName="offset"
          dur="20s"
          keyTimes="0; 0.25; 1"
          repeatCount="indefinite"
          values="-1; -1; 2"
        />
      </stop>
      <stop
        offset="100%"
        stopColor="#f0f0f0"
        stopOpacity={1}
      >
        <animate
          attributeName="offset"
          dur="20s"
          keyTimes="0; 0.25; 1"
          repeatCount="indefinite"
          values="0; 0; 3"
        />
      </stop>
    </linearGradient>
  </defs>
</svg>
`;
