// Jest Snapshot v1, https://goo.gl/fbAQLP

exports[`BulletListStyle renders correctly 1`] = `
<Svg
  height={130}
  preserveAspectRatio="none"
  style={Object {}}
  viewBox="0 0 400 130"
  width={400}
>
  <Rect
    clipPath="url(#BulletListStyle-idGradient)"
    fill="url(#BulletListStyle-idClip)"
    height={130}
    width={400}
    x="0"
    y="0"
  />
  <Defs>
    <ClipPath
      id="BulletListStyle-idGradient"
    >
      <Circle
        cx="10"
        cy="20"
        r="8"
      />
      <Rect
        height="10"
        rx="5"
        ry="5"
        width="220"
        x="25"
        y="15"
      />
      <Circle
        cx="10"
        cy="50"
        r="8"
      />
      <Rect
        height="10"
        rx="5"
        ry="5"
        width="220"
        x="25"
        y="45"
      />
      <Circle
        cx="10"
        cy="80"
        r="8"
      />
      <Rect
        height="10"
        rx="5"
        ry="5"
        width="220"
        x="25"
        y="75"
      />
      <Circle
        cx="10"
        cy="110"
        r="8"
      />
      <Rect
        height="10"
        rx="5"
        ry="5"
        width="220"
        x="25"
        y="105"
      />
    </ClipPath>
    <LinearGradient
      id="BulletListStyle-idClip"
      x1="-100%"
      x2="100%"
      y1={0}
      y2={0}
    >
      <Stop
        offset={0}
        stopColor="#f0f0f0"
      />
      <Stop
        offset={0}
        stopColor="#e0e0e0"
      />
      <Stop
        offset={0}
        stopColor="#f0f0f0"
      />
    </LinearGradient>
  </Defs>
</Svg>
`;
